---
source: crates/slideforge-html/src/render.rs
expression: result
---
<article id="slide-1" aria-label="Slide 1">
<svg xmlns="http://www.w3.org/2000/svg" viewBox="0 0 9144000 5143500" width="9144000" height="5143500" role="img" aria-label="Content Slide">
<title>Content Slide</title>
<foreignObject x="0" y="0" width="9144000" height="1000000"><h1 xmlns="http://www.w3.org/1999/xhtml">Content Slide</h1></foreignObject>
<foreignObject x="0" y="1000000" width="9144000" height="4143500"><h2 xmlns="http://www.w3.org/1999/xhtml">A subtitle here</h2></foreignObject>
</svg>
</article>
