---
source: crates/slideforge-html/src/render.rs
expression: result
---
<article id="slide-1" class="sf-slide" aria-label="Slide 1" style="position:relative; width:960.00px; height:540.00px; overflow:hidden;">
<h1 class="sf-title" style="position:absolute; left:0.00px; top:0.00px; width:960.00px; height:540.00px; overflow:hidden;">Hello World</h1>
</article>
