---
source: crates/slideforge-data/src/parse/yaml.rs
expression: value
---
Map(
    OrderedMap(
        {
            "title": Str(
                "Q1 Report",
            ),
            "slides": Int(
                12,
            ),
            "active": Bool(
                true,
            ),
            "ratio": Float(
                1.78,
            ),
            "tags": List(
                [
                    Str(
                        "revenue",
                    ),
                    Str(
                        "growth",
                    ),
                ],
            ),
            "meta": Null,
        },
    ),
)
