---
source: crates/slideforge-layout/src/regions.rs
expression: frames
---
[
    Frame {
        bbox: BoundingBox {
            x: Emu(
                914400,
            ),
            y: Emu(
                1188720,
            ),
            width: Emu(
                7315200,
            ),
            height: Emu(
                2286000,
            ),
        },
        content: Empty,
        text_flow: None,
    },
    Frame {
        bbox: BoundingBox {
            x: Emu(
                914400,
            ),
            y: Emu(
                3657600,
            ),
            width: Emu(
                7315200,
            ),
            height: Emu(
                685800,
            ),
        },
        content: Empty,
        text_flow: None,
    },
]
