---
source: crates/slideforge-layout/src/regions.rs
expression: frames
---
[
    Frame {
        bbox: BoundingBox {
            x: Emu(
                457200,
            ),
            y: Emu(
                457200,
            ),
            width: Emu(
                2743200,
            ),
            height: Emu(
                4114800,
            ),
        },
        content: Image {
            alt: Unspecified,
        },
        text_flow: None,
        region_role: None,
    },
    Frame {
        bbox: BoundingBox {
            x: Emu(
                3657600,
            ),
            y: Emu(
                457200,
            ),
            width: Emu(
                5029200,
            ),
            height: Emu(
                4114800,
            ),
        },
        content: Empty,
        text_flow: None,
        region_role: Some(
            Body,
        ),
    },
]
