---
source: crates/slideforge-layout/src/regions.rs
expression: frames
---
[
    Frame {
        bbox: BoundingBox {
            x: Emu(
                457200,
            ),
            y: Emu(
                365760,
            ),
            width: Emu(
                8229600,
            ),
            height: Emu(
                685800,
            ),
        },
        content: Empty,
        text_flow: None,
        region_role: Some(
            Title,
        ),
    },
    Frame {
        bbox: BoundingBox {
            x: Emu(
                1371600,
            ),
            y: Emu(
                1188720,
            ),
            width: Emu(
                6400800,
            ),
            height: Emu(
                3657600,
            ),
        },
        content: Empty,
        text_flow: None,
        region_role: Some(
            Generic,
        ),
    },
]
