---
source: crates/slideforge-math/src/omml.rs
expression: xml
---
"<m:oMathPara xmlns:m=\"http://schemas.openxmlformats.org/officeDocument/2006/math\"><m:oMath><m:eqArr><m:e><m:r><m:t>a</m:t></m:r><m:r><m:t>=</m:t></m:r><m:r><m:t>b</m:t></m:r></m:e><m:e><m:r><m:t>c</m:t></m:r><m:r><m:t>=</m:t></m:r><m:r><m:t>d</m:t></m:r></m:e></m:eqArr></m:oMath></m:oMathPara>"
