---
source: crates/slideforge-docx/src/tests/core_tests.rs
assertion_line: 372
expression: doc_xml
---
<?xml version="1.0" encoding="UTF-8" standalone="yes"?>
<w:document xmlns:w="http://schemas.openxmlformats.org/wordprocessingml/2006/main" xmlns:r="http://schemas.openxmlformats.org/officeDocument/2006/relationships"><w:body><w:p><w:pPr><w:pStyle w:val="Heading1" /></w:pPr><w:r><w:rPr><w:lang w:val="en-US" /></w:rPr><w:t>Slide One</w:t></w:r></w:p><w:p><w:pPr><w:pStyle w:val="Normal" /></w:pPr><w:r><w:rPr><w:lang w:val="en-US" /></w:rPr><w:t>Analysis follows.</w:t></w:r></w:p><w:p><w:pPr><w:pStyle w:val="Heading1" /></w:pPr><w:r><w:rPr><w:lang w:val="en-US" /></w:rPr><w:t>Slide Two</w:t></w:r></w:p><w:p><w:pPr><w:pStyle w:val="Normal" /></w:pPr><w:r><w:rPr><w:lang w:val="en-US" /></w:rPr><w:t>Analysis follows.</w:t></w:r></w:p><w:sectPr><w:pgSz w:w="14400" w:h="8100" /></w:sectPr></w:body></w:document>
