---
source: crates/slideforge-syntax/src/lexer.rs
expression: tokens
---
[
    (
        Ident(
            "slideforge_version",
        ),
        1..19,
    ),
    (
        StringLit(
            "1",
        ),
        20..23,
    ),
    (
        Newline,
        23..24,
    ),
    (
        Ident(
            "lang",
        ),
        24..28,
    ),
    (
        StringLit(
            "en-US",
        ),
        29..36,
    ),
    (
        Newline,
        36..37,
    ),
    (
        Ident(
            "title",
        ),
        37..42,
    ),
    (
        StringLit(
            "Test",
        ),
        43..49,
    ),
    (
        Newline,
        49..50,
    ),
    (
        Ident(
            "slide",
        ),
        51..56,
    ),
    (
        Ident(
            "title",
        ),
        57..62,
    ),
    (
        Colon,
        62..63,
    ),
    (
        Newline,
        63..64,
    ),
    (
        Indent(
            2,
        ),
        64..66,
    ),
    (
        Ident(
            "title",
        ),
        66..71,
    ),
    (
        StringLit(
            "Hello",
        ),
        72..79,
    ),
    (
        Newline,
        79..80,
    ),
    (
        Dedent,
        80..80,
    ),
    (
        Eof,
        80..80,
    ),
]
