---
source: crates/slideforge-syntax/tests/integration_tests.rs
expression: errors
---
[
    IndentError {
        file: "test.sf",
        line: 6,
        col: 1,
        expected: 2,
        found: 3,
        src: NamedSource {
            name: "test.sf",
            source: "<redacted>",
            language: None,
        ,
        at: SourceSpan {
            offset: SourceOffset(
                65,
            ),
            length: 3,
        },
    },
    UnexpectedToken {
        file: "test.sf",
        line: 8,
        col: 1,
        message: "ExpectedFound { expected: ['Newline', something else, 'Eof', end of input], found: Some(Dedent) }",
        src: NamedSource {
            name: "test.sf",
            source: "<redacted>",
            language: None,
        ,
        at: SourceSpan {
            offset: SourceOffset(
                104,
            ),
            length: 1,
        },
    },
]
