---
source: crates/slideforge-syntax/tests/integration_tests.rs
assertion_line: 611
expression: output
---
Unexpected indentation at render_test.sf:2:1. Expected 2 spaces, found 3.
    Diagnostic severity: error
Begin snippet for render_test.sf starting at line 1, column 1

snippet line 1: slide title:
snippet line 2:   title "Good"
    label at line 2, columns 12 to 14: unexpected indentation here
snippet line 3:    bad
diagnostic help: Use exactly 2 spaces of indentation here. slideforge does not allow tab characters.
diagnostic code: E-PAR-001

Unexpected token at render_test.sf:3:1: expected field name
    Diagnostic severity: error
Begin snippet for render_test.sf starting at line 2, column 1

snippet line 2:   title "T"
snippet line 3:   :
    label at line 3, column 2: unexpected token here
diagnostic help: Check the slideforge DSL syntax. See the language reference for valid constructs.
diagnostic code: E-PAR-002

Reserved keyword '@fn' used at render_test.sf:1:1: user-defined functions reserved for v2
    Diagnostic severity: error
Begin snippet for render_test.sf starting at line 1, column 1

snippet line 1: @fn compute:
    label at line 1, columns 1 to 3: reserved keyword here
diagnostic help: '@fn' is reserved for a future slideforge feature. Choose a different name or wait for the feature to be implemented.
diagnostic code: E-PAR-006
