---
source: crates/slideforge-syntax/tests/integration_tests.rs
expression: errors
---
[
    IndentError {
        file: "test.sf",
        line: 6,
        col: 1,
        expected: 2,
        found: 3,
        src: NamedSource {
            name: "test.sf",
            source: "<redacted>",
            language: None,
        ,
        at: SourceSpan {
            offset: SourceOffset(
                65,
            ),
            length: 3,
        },
    },
    IndentError {
        file: "test.sf",
        line: 10,
        col: 1,
        expected: 2,
        found: 3,
        src: NamedSource {
            name: "test.sf",
            source: "<redacted>",
            language: None,
        ,
        at: SourceSpan {
            offset: SourceOffset(
                133,
            ),
            length: 3,
        },
    },
]
